// Jest Snapshot v1, https://goo.gl/fbAQLP

exports[`should match the snapshot 1`] = `
ShallowWrapper {
  "length": 1,
  Symbol(enzyme.__root__): [Circular],
  Symbol(enzyme.__unrendered__): <PeopleCard
    category="people"
    findFavoritePerson={[Function]}
    id="Person0"
    name="Alan"
    planet="Earth"
    population={1}
    species="humanish"
/>,
  Symbol(enzyme.__renderer__): Object {
    "batchedUpdates": [Function],
    "getNode": [Function],
    "render": [Function],
    "simulateEvent": [Function],
    "unmount": [Function],
  },
  Symbol(enzyme.__node__): Object {
    "instance": null,
    "key": undefined,
    "nodeType": "host",
    "props": Object {
      "children": Array [
        <section
          className="name-section"
>
          <button
                    onClick={[Function]}
          >
                    Favorite
          </button>
          <h1
                    className="person-name"
          >
                    Alan
          </h1>
</section>,
        <div
          className="content-div"
>
          <p
                    className="description-title"
          >
                    Origin
          </p>
          <h3
                    className="description-content"
          >
                    Earth
          </h3>
</div>,
        <hr />,
        <div
          className="content-div"
>
          <p
                    className="description-title"
          >
                    Species
          </p>
          <h3
                    className="description-content"
          >
                    humanish
          </h3>
</div>,
        <hr />,
        <div
          className="content-div"
>
          <p
                    className="description-title"
          >
                    Population
          </p>
          <h3
                    className="description-content"
          >
                    1
          </h3>
</div>,
      ],
      "className": "person-card",
    },
    "ref": null,
    "rendered": Array [
      Object {
        "instance": null,
        "key": undefined,
        "nodeType": "host",
        "props": Object {
          "children": Array [
            <button
              onClick={[Function]}
>
              Favorite
</button>,
            <h1
              className="person-name"
>
              Alan
</h1>,
          ],
          "className": "name-section",
        },
        "ref": null,
        "rendered": Array [
          Object {
            "instance": null,
            "key": undefined,
            "nodeType": "host",
            "props": Object {
              "children": "Favorite",
              "onClick": [Function],
            },
            "ref": null,
            "rendered": "Favorite",
            "type": "button",
          },
          Object {
            "instance": null,
            "key": undefined,
            "nodeType": "host",
            "props": Object {
              "children": "Alan",
              "className": "person-name",
            },
            "ref": null,
            "rendered": "Alan",
            "type": "h1",
          },
        ],
        "type": "section",
      },
      Object {
        "instance": null,
        "key": undefined,
        "nodeType": "host",
        "props": Object {
          "children": Array [
            <p
              className="description-title"
>
              Origin
</p>,
            <h3
              className="description-content"
>
              Earth
</h3>,
          ],
          "className": "content-div",
        },
        "ref": null,
        "rendered": Array [
          Object {
            "instance": null,
            "key": undefined,
            "nodeType": "host",
            "props": Object {
              "children": "Origin",
              "className": "description-title",
            },
            "ref": null,
            "rendered": "Origin",
            "type": "p",
          },
          Object {
            "instance": null,
            "key": undefined,
            "nodeType": "host",
            "props": Object {
              "children": "Earth",
              "className": "description-content",
            },
            "ref": null,
            "rendered": "Earth",
            "type": "h3",
          },
        ],
        "type": "div",
      },
      Object {
        "instance": null,
        "key": undefined,
        "nodeType": "host",
        "props": Object {},
        "ref": null,
        "rendered": null,
        "type": "hr",
      },
      Object {
        "instance": null,
        "key": undefined,
        "nodeType": "host",
        "props": Object {
          "children": Array [
            <p
              className="description-title"
>
              Species
</p>,
            <h3
              className="description-content"
>
              humanish
</h3>,
          ],
          "className": "content-div",
        },
        "ref": null,
        "rendered": Array [
          Object {
            "instance": null,
            "key": undefined,
            "nodeType": "host",
            "props": Object {
              "children": "Species",
              "className": "description-title",
            },
            "ref": null,
            "rendered": "Species",
            "type": "p",
          },
          Object {
            "instance": null,
            "key": undefined,
            "nodeType": "host",
            "props": Object {
              "children": "humanish",
              "className": "description-content",
            },
            "ref": null,
            "rendered": "humanish",
            "type": "h3",
          },
        ],
        "type": "div",
      },
      Object {
        "instance": null,
        "key": undefined,
        "nodeType": "host",
        "props": Object {},
        "ref": null,
        "rendered": null,
        "type": "hr",
      },
      Object {
        "instance": null,
        "key": undefined,
        "nodeType": "host",
        "props": Object {
          "children": Array [
            <p
              className="description-title"
>
              Population
</p>,
            <h3
              className="description-content"
>
              1
</h3>,
          ],
          "className": "content-div",
        },
        "ref": null,
        "rendered": Array [
          Object {
            "instance": null,
            "key": undefined,
            "nodeType": "host",
            "props": Object {
              "children": "Population",
              "className": "description-title",
            },
            "ref": null,
            "rendered": "Population",
            "type": "p",
          },
          Object {
            "instance": null,
            "key": undefined,
            "nodeType": "host",
            "props": Object {
              "children": 1,
              "className": "description-content",
            },
            "ref": null,
            "rendered": 1,
            "type": "h3",
          },
        ],
        "type": "div",
      },
    ],
    "type": "article",
  },
  Symbol(enzyme.__nodes__): Array [
    Object {
      "instance": null,
      "key": undefined,
      "nodeType": "host",
      "props": Object {
        "children": Array [
          <section
            className="name-section"
>
            <button
                        onClick={[Function]}
            >
                        Favorite
            </button>
            <h1
                        className="person-name"
            >
                        Alan
            </h1>
</section>,
          <div
            className="content-div"
>
            <p
                        className="description-title"
            >
                        Origin
            </p>
            <h3
                        className="description-content"
            >
                        Earth
            </h3>
</div>,
          <hr />,
          <div
            className="content-div"
>
            <p
                        className="description-title"
            >
                        Species
            </p>
            <h3
                        className="description-content"
            >
                        humanish
            </h3>
</div>,
          <hr />,
          <div
            className="content-div"
>
            <p
                        className="description-title"
            >
                        Population
            </p>
            <h3
                        className="description-content"
            >
                        1
            </h3>
</div>,
        ],
        "className": "person-card",
      },
      "ref": null,
      "rendered": Array [
        Object {
          "instance": null,
          "key": undefined,
          "nodeType": "host",
          "props": Object {
            "children": Array [
              <button
                onClick={[Function]}
>
                Favorite
</button>,
              <h1
                className="person-name"
>
                Alan
</h1>,
            ],
            "className": "name-section",
          },
          "ref": null,
          "rendered": Array [
            Object {
              "instance": null,
              "key": undefined,
              "nodeType": "host",
              "props": Object {
                "children": "Favorite",
                "onClick": [Function],
              },
              "ref": null,
              "rendered": "Favorite",
              "type": "button",
            },
            Object {
              "instance": null,
              "key": undefined,
              "nodeType": "host",
              "props": Object {
                "children": "Alan",
                "className": "person-name",
              },
              "ref": null,
              "rendered": "Alan",
              "type": "h1",
            },
          ],
          "type": "section",
        },
        Object {
          "instance": null,
          "key": undefined,
          "nodeType": "host",
          "props": Object {
            "children": Array [
              <p
                className="description-title"
>
                Origin
</p>,
              <h3
                className="description-content"
>
                Earth
</h3>,
            ],
            "className": "content-div",
          },
          "ref": null,
          "rendered": Array [
            Object {
              "instance": null,
              "key": undefined,
              "nodeType": "host",
              "props": Object {
                "children": "Origin",
                "className": "description-title",
              },
              "ref": null,
              "rendered": "Origin",
              "type": "p",
            },
            Object {
              "instance": null,
              "key": undefined,
              "nodeType": "host",
              "props": Object {
                "children": "Earth",
                "className": "description-content",
              },
              "ref": null,
              "rendered": "Earth",
              "type": "h3",
            },
          ],
          "type": "div",
        },
        Object {
          "instance": null,
          "key": undefined,
          "nodeType": "host",
          "props": Object {},
          "ref": null,
          "rendered": null,
          "type": "hr",
        },
        Object {
          "instance": null,
          "key": undefined,
          "nodeType": "host",
          "props": Object {
            "children": Array [
              <p
                className="description-title"
>
                Species
</p>,
              <h3
                className="description-content"
>
                humanish
</h3>,
            ],
            "className": "content-div",
          },
          "ref": null,
          "rendered": Array [
            Object {
              "instance": null,
              "key": undefined,
              "nodeType": "host",
              "props": Object {
                "children": "Species",
                "className": "description-title",
              },
              "ref": null,
              "rendered": "Species",
              "type": "p",
            },
            Object {
              "instance": null,
              "key": undefined,
              "nodeType": "host",
              "props": Object {
                "children": "humanish",
                "className": "description-content",
              },
              "ref": null,
              "rendered": "humanish",
              "type": "h3",
            },
          ],
          "type": "div",
        },
        Object {
          "instance": null,
          "key": undefined,
          "nodeType": "host",
          "props": Object {},
          "ref": null,
          "rendered": null,
          "type": "hr",
        },
        Object {
          "instance": null,
          "key": undefined,
          "nodeType": "host",
          "props": Object {
            "children": Array [
              <p
                className="description-title"
>
                Population
</p>,
              <h3
                className="description-content"
>
                1
</h3>,
            ],
            "className": "content-div",
          },
          "ref": null,
          "rendered": Array [
            Object {
              "instance": null,
              "key": undefined,
              "nodeType": "host",
              "props": Object {
                "children": "Population",
                "className": "description-title",
              },
              "ref": null,
              "rendered": "Population",
              "type": "p",
            },
            Object {
              "instance": null,
              "key": undefined,
              "nodeType": "host",
              "props": Object {
                "children": 1,
                "className": "description-content",
              },
              "ref": null,
              "rendered": 1,
              "type": "h3",
            },
          ],
          "type": "div",
        },
      ],
      "type": "article",
    },
  ],
  Symbol(enzyme.__options__): Object {
    "adapter": ReactSixteenAdapter {
      "options": Object {
        "enableComponentDidUpdateOnSetState": true,
      },
    },
  },
}
`;
