// Jest Snapshot v1, https://goo.gl/fbAQLP

exports[`App should match the snapshot 1`] = `
ShallowWrapper {
  "length": 1,
  Symbol(enzyme.__root__): [Circular],
  Symbol(enzyme.__unrendered__): <CardSection
    activeCategory=""
    favoritesArray={
        Array [
            Object {
              "name": "Alan",
              "planet": "Earth",
            },
            Object {
              "climate": "slowly dying",
              "name": "earth",
            },
            Object {
              "name": "subaru",
              "passangers": 2,
            },
          ]
    }
    findFavoritePerson={[Function]}
    findFavoritePlanet={[Function]}
    findFavoriteVehicle={[Function]}
    people={
        Array [
            Object {
              "name": "Alan",
              "planet": "Earth",
            },
          ]
    }
    planets={
        Array [
            Object {
              "climate": "slowly dying",
              "name": "earth",
            },
          ]
    }
    vehicles={
        Array [
            Object {
              "name": "subaru",
              "passangers": 2,
            },
          ]
    }
/>,
  Symbol(enzyme.__renderer__): Object {
    "batchedUpdates": [Function],
    "getNode": [Function],
    "render": [Function],
    "simulateEvent": [Function],
    "unmount": [Function],
  },
  Symbol(enzyme.__node__): Object {
    "instance": null,
    "key": undefined,
    "nodeType": "host",
    "props": Object {
      "children": undefined,
      "className": "card-section",
    },
    "ref": null,
    "rendered": null,
    "type": "section",
  },
  Symbol(enzyme.__nodes__): Array [
    Object {
      "instance": null,
      "key": undefined,
      "nodeType": "host",
      "props": Object {
        "children": undefined,
        "className": "card-section",
      },
      "ref": null,
      "rendered": null,
      "type": "section",
    },
  ],
  Symbol(enzyme.__options__): Object {
    "adapter": ReactSixteenAdapter {
      "options": Object {
        "enableComponentDidUpdateOnSetState": true,
      },
    },
  },
}
`;
