// Jest Snapshot v1, https://goo.gl/fbAQLP

exports[`should match the snapshot 1`] = `
ShallowWrapper {
  "length": 1,
  Symbol(enzyme.__root__): [Circular],
  Symbol(enzyme.__unrendered__): <PlanetCard
    category="planets"
    climate="shitty"
    findFavoritePlanet={[Function]}
    id="Planet0"
    name="Earth"
    population={123}
    residents="people, animals, bears"
    terrain="hills"
/>,
  Symbol(enzyme.__renderer__): Object {
    "batchedUpdates": [Function],
    "getNode": [Function],
    "render": [Function],
    "simulateEvent": [Function],
    "unmount": [Function],
  },
  Symbol(enzyme.__node__): Object {
    "instance": null,
    "key": undefined,
    "nodeType": "host",
    "props": Object {
      "children": Array [
        <section
          className="planet-name-section"
>
          <button
                    onClick={[Function]}
          >
                    Favorite
          </button>
          <h1
                    className="planet-name"
          >
                    Earth
          </h1>
</section>,
        <div
          className="content-div"
>
          <p
                    className="description-title"
          >
                    Terrain
          </p>
          <h3
                    className="description-content"
          >
                    hills
          </h3>
</div>,
        <hr />,
        <div
          className="content-div"
>
          <p
                    className="description-title"
          >
                    Population
          </p>
          <h3
                    className="description-content"
          >
                    123
          </h3>
</div>,
        <hr />,
        <div
          className="content-div"
>
          <p
                    className="description-title"
          >
                    Climate
          </p>
          <h3
                    className="description-content"
          >
                    shitty
          </h3>
</div>,
        <hr />,
        <div
          className="content-div"
>
          <p
                    className="description-title"
          >
                    Residents
          </p>
          <h3
                    className="description-content residents"
          >
                    people, animals, bears
          </h3>
</div>,
      ],
      "className": "planet-card",
    },
    "ref": null,
    "rendered": Array [
      Object {
        "instance": null,
        "key": undefined,
        "nodeType": "host",
        "props": Object {
          "children": Array [
            <button
              onClick={[Function]}
>
              Favorite
</button>,
            <h1
              className="planet-name"
>
              Earth
</h1>,
          ],
          "className": "planet-name-section",
        },
        "ref": null,
        "rendered": Array [
          Object {
            "instance": null,
            "key": undefined,
            "nodeType": "host",
            "props": Object {
              "children": "Favorite",
              "onClick": [Function],
            },
            "ref": null,
            "rendered": "Favorite",
            "type": "button",
          },
          Object {
            "instance": null,
            "key": undefined,
            "nodeType": "host",
            "props": Object {
              "children": "Earth",
              "className": "planet-name",
            },
            "ref": null,
            "rendered": "Earth",
            "type": "h1",
          },
        ],
        "type": "section",
      },
      Object {
        "instance": null,
        "key": undefined,
        "nodeType": "host",
        "props": Object {
          "children": Array [
            <p
              className="description-title"
>
              Terrain
</p>,
            <h3
              className="description-content"
>
              hills
</h3>,
          ],
          "className": "content-div",
        },
        "ref": null,
        "rendered": Array [
          Object {
            "instance": null,
            "key": undefined,
            "nodeType": "host",
            "props": Object {
              "children": "Terrain",
              "className": "description-title",
            },
            "ref": null,
            "rendered": "Terrain",
            "type": "p",
          },
          Object {
            "instance": null,
            "key": undefined,
            "nodeType": "host",
            "props": Object {
              "children": "hills",
              "className": "description-content",
            },
            "ref": null,
            "rendered": "hills",
            "type": "h3",
          },
        ],
        "type": "div",
      },
      Object {
        "instance": null,
        "key": undefined,
        "nodeType": "host",
        "props": Object {},
        "ref": null,
        "rendered": null,
        "type": "hr",
      },
      Object {
        "instance": null,
        "key": undefined,
        "nodeType": "host",
        "props": Object {
          "children": Array [
            <p
              className="description-title"
>
              Population
</p>,
            <h3
              className="description-content"
>
              123
</h3>,
          ],
          "className": "content-div",
        },
        "ref": null,
        "rendered": Array [
          Object {
            "instance": null,
            "key": undefined,
            "nodeType": "host",
            "props": Object {
              "children": "Population",
              "className": "description-title",
            },
            "ref": null,
            "rendered": "Population",
            "type": "p",
          },
          Object {
            "instance": null,
            "key": undefined,
            "nodeType": "host",
            "props": Object {
              "children": 123,
              "className": "description-content",
            },
            "ref": null,
            "rendered": 123,
            "type": "h3",
          },
        ],
        "type": "div",
      },
      Object {
        "instance": null,
        "key": undefined,
        "nodeType": "host",
        "props": Object {},
        "ref": null,
        "rendered": null,
        "type": "hr",
      },
      Object {
        "instance": null,
        "key": undefined,
        "nodeType": "host",
        "props": Object {
          "children": Array [
            <p
              className="description-title"
>
              Climate
</p>,
            <h3
              className="description-content"
>
              shitty
</h3>,
          ],
          "className": "content-div",
        },
        "ref": null,
        "rendered": Array [
          Object {
            "instance": null,
            "key": undefined,
            "nodeType": "host",
            "props": Object {
              "children": "Climate",
              "className": "description-title",
            },
            "ref": null,
            "rendered": "Climate",
            "type": "p",
          },
          Object {
            "instance": null,
            "key": undefined,
            "nodeType": "host",
            "props": Object {
              "children": "shitty",
              "className": "description-content",
            },
            "ref": null,
            "rendered": "shitty",
            "type": "h3",
          },
        ],
        "type": "div",
      },
      Object {
        "instance": null,
        "key": undefined,
        "nodeType": "host",
        "props": Object {},
        "ref": null,
        "rendered": null,
        "type": "hr",
      },
      Object {
        "instance": null,
        "key": undefined,
        "nodeType": "host",
        "props": Object {
          "children": Array [
            <p
              className="description-title"
>
              Residents
</p>,
            <h3
              className="description-content residents"
>
              people, animals, bears
</h3>,
          ],
          "className": "content-div",
        },
        "ref": null,
        "rendered": Array [
          Object {
            "instance": null,
            "key": undefined,
            "nodeType": "host",
            "props": Object {
              "children": "Residents",
              "className": "description-title",
            },
            "ref": null,
            "rendered": "Residents",
            "type": "p",
          },
          Object {
            "instance": null,
            "key": undefined,
            "nodeType": "host",
            "props": Object {
              "children": "people, animals, bears",
              "className": "description-content residents",
            },
            "ref": null,
            "rendered": "people, animals, bears",
            "type": "h3",
          },
        ],
        "type": "div",
      },
    ],
    "type": "article",
  },
  Symbol(enzyme.__nodes__): Array [
    Object {
      "instance": null,
      "key": undefined,
      "nodeType": "host",
      "props": Object {
        "children": Array [
          <section
            className="planet-name-section"
>
            <button
                        onClick={[Function]}
            >
                        Favorite
            </button>
            <h1
                        className="planet-name"
            >
                        Earth
            </h1>
</section>,
          <div
            className="content-div"
>
            <p
                        className="description-title"
            >
                        Terrain
            </p>
            <h3
                        className="description-content"
            >
                        hills
            </h3>
</div>,
          <hr />,
          <div
            className="content-div"
>
            <p
                        className="description-title"
            >
                        Population
            </p>
            <h3
                        className="description-content"
            >
                        123
            </h3>
</div>,
          <hr />,
          <div
            className="content-div"
>
            <p
                        className="description-title"
            >
                        Climate
            </p>
            <h3
                        className="description-content"
            >
                        shitty
            </h3>
</div>,
          <hr />,
          <div
            className="content-div"
>
            <p
                        className="description-title"
            >
                        Residents
            </p>
            <h3
                        className="description-content residents"
            >
                        people, animals, bears
            </h3>
</div>,
        ],
        "className": "planet-card",
      },
      "ref": null,
      "rendered": Array [
        Object {
          "instance": null,
          "key": undefined,
          "nodeType": "host",
          "props": Object {
            "children": Array [
              <button
                onClick={[Function]}
>
                Favorite
</button>,
              <h1
                className="planet-name"
>
                Earth
</h1>,
            ],
            "className": "planet-name-section",
          },
          "ref": null,
          "rendered": Array [
            Object {
              "instance": null,
              "key": undefined,
              "nodeType": "host",
              "props": Object {
                "children": "Favorite",
                "onClick": [Function],
              },
              "ref": null,
              "rendered": "Favorite",
              "type": "button",
            },
            Object {
              "instance": null,
              "key": undefined,
              "nodeType": "host",
              "props": Object {
                "children": "Earth",
                "className": "planet-name",
              },
              "ref": null,
              "rendered": "Earth",
              "type": "h1",
            },
          ],
          "type": "section",
        },
        Object {
          "instance": null,
          "key": undefined,
          "nodeType": "host",
          "props": Object {
            "children": Array [
              <p
                className="description-title"
>
                Terrain
</p>,
              <h3
                className="description-content"
>
                hills
</h3>,
            ],
            "className": "content-div",
          },
          "ref": null,
          "rendered": Array [
            Object {
              "instance": null,
              "key": undefined,
              "nodeType": "host",
              "props": Object {
                "children": "Terrain",
                "className": "description-title",
              },
              "ref": null,
              "rendered": "Terrain",
              "type": "p",
            },
            Object {
              "instance": null,
              "key": undefined,
              "nodeType": "host",
              "props": Object {
                "children": "hills",
                "className": "description-content",
              },
              "ref": null,
              "rendered": "hills",
              "type": "h3",
            },
          ],
          "type": "div",
        },
        Object {
          "instance": null,
          "key": undefined,
          "nodeType": "host",
          "props": Object {},
          "ref": null,
          "rendered": null,
          "type": "hr",
        },
        Object {
          "instance": null,
          "key": undefined,
          "nodeType": "host",
          "props": Object {
            "children": Array [
              <p
                className="description-title"
>
                Population
</p>,
              <h3
                className="description-content"
>
                123
</h3>,
            ],
            "className": "content-div",
          },
          "ref": null,
          "rendered": Array [
            Object {
              "instance": null,
              "key": undefined,
              "nodeType": "host",
              "props": Object {
                "children": "Population",
                "className": "description-title",
              },
              "ref": null,
              "rendered": "Population",
              "type": "p",
            },
            Object {
              "instance": null,
              "key": undefined,
              "nodeType": "host",
              "props": Object {
                "children": 123,
                "className": "description-content",
              },
              "ref": null,
              "rendered": 123,
              "type": "h3",
            },
          ],
          "type": "div",
        },
        Object {
          "instance": null,
          "key": undefined,
          "nodeType": "host",
          "props": Object {},
          "ref": null,
          "rendered": null,
          "type": "hr",
        },
        Object {
          "instance": null,
          "key": undefined,
          "nodeType": "host",
          "props": Object {
            "children": Array [
              <p
                className="description-title"
>
                Climate
</p>,
              <h3
                className="description-content"
>
                shitty
</h3>,
            ],
            "className": "content-div",
          },
          "ref": null,
          "rendered": Array [
            Object {
              "instance": null,
              "key": undefined,
              "nodeType": "host",
              "props": Object {
                "children": "Climate",
                "className": "description-title",
              },
              "ref": null,
              "rendered": "Climate",
              "type": "p",
            },
            Object {
              "instance": null,
              "key": undefined,
              "nodeType": "host",
              "props": Object {
                "children": "shitty",
                "className": "description-content",
              },
              "ref": null,
              "rendered": "shitty",
              "type": "h3",
            },
          ],
          "type": "div",
        },
        Object {
          "instance": null,
          "key": undefined,
          "nodeType": "host",
          "props": Object {},
          "ref": null,
          "rendered": null,
          "type": "hr",
        },
        Object {
          "instance": null,
          "key": undefined,
          "nodeType": "host",
          "props": Object {
            "children": Array [
              <p
                className="description-title"
>
                Residents
</p>,
              <h3
                className="description-content residents"
>
                people, animals, bears
</h3>,
            ],
            "className": "content-div",
          },
          "ref": null,
          "rendered": Array [
            Object {
              "instance": null,
              "key": undefined,
              "nodeType": "host",
              "props": Object {
                "children": "Residents",
                "className": "description-title",
              },
              "ref": null,
              "rendered": "Residents",
              "type": "p",
            },
            Object {
              "instance": null,
              "key": undefined,
              "nodeType": "host",
              "props": Object {
                "children": "people, animals, bears",
                "className": "description-content residents",
              },
              "ref": null,
              "rendered": "people, animals, bears",
              "type": "h3",
            },
          ],
          "type": "div",
        },
      ],
      "type": "article",
    },
  ],
  Symbol(enzyme.__options__): Object {
    "adapter": ReactSixteenAdapter {
      "options": Object {
        "enableComponentDidUpdateOnSetState": true,
      },
    },
  },
}
`;
