// Jest Snapshot v1, https://goo.gl/fbAQLP

exports[`App should match the snapshot 1`] = `
ShallowWrapper {
  "length": 1,
  Symbol(enzyme.__root__): [Circular],
  Symbol(enzyme.__unrendered__): <App />,
  Symbol(enzyme.__renderer__): Object {
    "batchedUpdates": [Function],
    "getNode": [Function],
    "render": [Function],
    "simulateEvent": [Function],
    "unmount": [Function],
  },
  Symbol(enzyme.__node__): Object {
    "instance": null,
    "key": undefined,
    "nodeType": "host",
    "props": Object {
      "children": Array [
        <header
          className="App-header"
>
          <h1
                    className="App-title"
          >
                    SWAPI-Box
          </h1>
</header>,
        <div
          className="button-container"
>
          <button
                    className="data-button"
                    onClick={[Function]}
          >
                    people
          </button>
          <button
                    className="data-button"
                    onClick={[Function]}
          >
                    planets
          </button>
          <button
                    className="data-button"
                    onClick={[Function]}
          >
                    vehicles
          </button>
          <button
                    className="data-button"
                    onClick={[Function]}
          >
                    Favorites
          </button>
</div>,
        <Unknown
          data={Array []}
/>,
        false,
      ],
      "className": "App",
    },
    "ref": null,
    "rendered": Array [
      Object {
        "instance": null,
        "key": undefined,
        "nodeType": "host",
        "props": Object {
          "children": <h1
            className="App-title"
>
            SWAPI-Box
</h1>,
          "className": "App-header",
        },
        "ref": null,
        "rendered": Object {
          "instance": null,
          "key": undefined,
          "nodeType": "host",
          "props": Object {
            "children": "SWAPI-Box",
            "className": "App-title",
          },
          "ref": null,
          "rendered": "SWAPI-Box",
          "type": "h1",
        },
        "type": "header",
      },
      Object {
        "instance": null,
        "key": undefined,
        "nodeType": "host",
        "props": Object {
          "children": Array [
            <button
              className="data-button"
              onClick={[Function]}
>
              people
</button>,
            <button
              className="data-button"
              onClick={[Function]}
>
              planets
</button>,
            <button
              className="data-button"
              onClick={[Function]}
>
              vehicles
</button>,
            <button
              className="data-button"
              onClick={[Function]}
>
              Favorites
</button>,
          ],
          "className": "button-container",
        },
        "ref": null,
        "rendered": Array [
          Object {
            "instance": null,
            "key": undefined,
            "nodeType": "host",
            "props": Object {
              "children": "people",
              "className": "data-button",
              "onClick": [Function],
            },
            "ref": null,
            "rendered": "people",
            "type": "button",
          },
          Object {
            "instance": null,
            "key": undefined,
            "nodeType": "host",
            "props": Object {
              "children": "planets",
              "className": "data-button",
              "onClick": [Function],
            },
            "ref": null,
            "rendered": "planets",
            "type": "button",
          },
          Object {
            "instance": null,
            "key": undefined,
            "nodeType": "host",
            "props": Object {
              "children": "vehicles",
              "className": "data-button",
              "onClick": [Function],
            },
            "ref": null,
            "rendered": "vehicles",
            "type": "button",
          },
          Object {
            "instance": null,
            "key": undefined,
            "nodeType": "host",
            "props": Object {
              "children": "Favorites",
              "className": "data-button",
              "onClick": [Function],
            },
            "ref": null,
            "rendered": "Favorites",
            "type": "button",
          },
        ],
        "type": "div",
      },
      Object {
        "instance": null,
        "key": undefined,
        "nodeType": "function",
        "props": Object {
          "data": Array [],
        },
        "ref": null,
        "rendered": null,
        "type": [Function],
      },
      false,
    ],
    "type": "div",
  },
  Symbol(enzyme.__nodes__): Array [
    Object {
      "instance": null,
      "key": undefined,
      "nodeType": "host",
      "props": Object {
        "children": Array [
          <header
            className="App-header"
>
            <h1
                        className="App-title"
            >
                        SWAPI-Box
            </h1>
</header>,
          <div
            className="button-container"
>
            <button
                        className="data-button"
                        onClick={[Function]}
            >
                        people
            </button>
            <button
                        className="data-button"
                        onClick={[Function]}
            >
                        planets
            </button>
            <button
                        className="data-button"
                        onClick={[Function]}
            >
                        vehicles
            </button>
            <button
                        className="data-button"
                        onClick={[Function]}
            >
                        Favorites
            </button>
</div>,
          <Unknown
            data={Array []}
/>,
          false,
        ],
        "className": "App",
      },
      "ref": null,
      "rendered": Array [
        Object {
          "instance": null,
          "key": undefined,
          "nodeType": "host",
          "props": Object {
            "children": <h1
              className="App-title"
>
              SWAPI-Box
</h1>,
            "className": "App-header",
          },
          "ref": null,
          "rendered": Object {
            "instance": null,
            "key": undefined,
            "nodeType": "host",
            "props": Object {
              "children": "SWAPI-Box",
              "className": "App-title",
            },
            "ref": null,
            "rendered": "SWAPI-Box",
            "type": "h1",
          },
          "type": "header",
        },
        Object {
          "instance": null,
          "key": undefined,
          "nodeType": "host",
          "props": Object {
            "children": Array [
              <button
                className="data-button"
                onClick={[Function]}
>
                people
</button>,
              <button
                className="data-button"
                onClick={[Function]}
>
                planets
</button>,
              <button
                className="data-button"
                onClick={[Function]}
>
                vehicles
</button>,
              <button
                className="data-button"
                onClick={[Function]}
>
                Favorites
</button>,
            ],
            "className": "button-container",
          },
          "ref": null,
          "rendered": Array [
            Object {
              "instance": null,
              "key": undefined,
              "nodeType": "host",
              "props": Object {
                "children": "people",
                "className": "data-button",
                "onClick": [Function],
              },
              "ref": null,
              "rendered": "people",
              "type": "button",
            },
            Object {
              "instance": null,
              "key": undefined,
              "nodeType": "host",
              "props": Object {
                "children": "planets",
                "className": "data-button",
                "onClick": [Function],
              },
              "ref": null,
              "rendered": "planets",
              "type": "button",
            },
            Object {
              "instance": null,
              "key": undefined,
              "nodeType": "host",
              "props": Object {
                "children": "vehicles",
                "className": "data-button",
                "onClick": [Function],
              },
              "ref": null,
              "rendered": "vehicles",
              "type": "button",
            },
            Object {
              "instance": null,
              "key": undefined,
              "nodeType": "host",
              "props": Object {
                "children": "Favorites",
                "className": "data-button",
                "onClick": [Function],
              },
              "ref": null,
              "rendered": "Favorites",
              "type": "button",
            },
          ],
          "type": "div",
        },
        Object {
          "instance": null,
          "key": undefined,
          "nodeType": "function",
          "props": Object {
            "data": Array [],
          },
          "ref": null,
          "rendered": null,
          "type": [Function],
        },
        false,
      ],
      "type": "div",
    },
  ],
  Symbol(enzyme.__options__): Object {
    "adapter": ReactSixteenAdapter {
      "options": Object {
        "enableComponentDidUpdateOnSetState": true,
      },
    },
    "disableLifecycleMethods": true,
  },
}
`;
